 * Debugger is active!
 * Debugger PIN: 561-034-209
 * Detected change in 'd:\\Users\\DELL\\Desktop\\SWHackathon\\API\\api\\userAPI.py', reloading
[31m[1mWARNING: This is a development server. Do not use it in a production deployment. Use a production WSGI server instead.[0m
 * Running on http://127.0.0.1:5000
[33mPress CTRL+C to quit[0m
 * Restarting with stat
 * Debugger is active!
 * Debugger PIN: 561-034-209
127.0.0.1 - - [16/Sep/2023 22:46:42] "POST /user/add HTTP/1.1" 200 -
 * Detected change in 'd:\\Users\\DELL\\Desktop\\SWHackathon\\API\\api\\__init__.py', reloading
 * Restarting with stat
 * Restarting with stat
 * Restarting with stat
